[ {
  "active-since" : "2001-09-09T01:46:40.000Z",
  "dpid" : "00:00:00:00:00:00:00:05",
  "interface-name" : 2,
  "ip-address" : "10.11.0.1",
  "last-seen" : "2001-09-09T01:46:40.000Z",
  "mac" : "00:00:00:00:00:02",
  "vlan" : 4
}, {
  "active-since" : "2001-09-09T01:46:40.000Z",
  "dpid" : "00:00:00:00:00:00:00:32",
  "interface-name" : 3,
  "ip-address" : "0.0.0.2",
  "last-seen" : "2001-09-09T01:46:40.000Z",
  "mac" : "00:00:00:00:00:02",
  "vlan" : 4
}, {
  "active-since" : "2001-09-09T01:46:40.000Z",
  "dpid" : "00:00:00:00:00:00:00:32",
  "interface-name" : 3,
  "ip-address" : "10.11.0.1",
  "last-seen" : "2001-09-09T01:46:40.000Z",
  "mac" : "00:00:00:00:00:02",
  "vlan" : 4
} ]