{
  "byte-count" : 500,
  "flow-count" : 200,
  "packet-count" : 6000
}