{
  "modules" : {
    "Types@2012-08-01" : {
      "prefix" : "t",
      "typedefs" : {
        "short-string" : {
          "name" : "short-string",
          "module" : {
            "name" : "Types",
            "revision" : "2012-08-01"
          },
          "nodeType" : "LEAF",
          "typeSchemaNode" : {
            "name" : "short-string",
            "module" : {
              "name" : "Types",
              "revision" : "2012-08-01"
            },
            "nodeType" : "TYPE",
            "leafType" : "STRING",
            "typeValidator" : [ {
              "type" : "LENGTH_VALIDATOR",
              "ranges" : [ {
                "start" : 0,
                "end" : 32
              } ]
            } ]
          },
          "leafType" : "STRING"
        }
      },
      "id" : {
        "name" : "Types",
        "revision" : "2012-08-01"
      }
    },
    "Types" : {
      "prefix" : "t",
      "typedefs" : {
        "ip-address" : {
          "name" : "ip-address",
          "module" : {
            "name" : "Types"
          },
          "nodeType" : "LEAF",
          "description" : "A dotted decimal IP string",
          "typeSchemaNode" : {
            "name" : "ip-address",
            "module" : {
              "name" : "Types"
            },
            "nodeType" : "TYPE",
            "leafType" : "STRING",
            "typeValidator" : [ {
              "type" : "LENGTH_VALIDATOR",
              "ranges" : [ {
                "start" : 0,
                "end" : 9223372036854775807
              } ]
            }, {
              "type" : "PATTERN_VALIDATOR",
              "pattern" : "([0-9]{1,3}\\.){3}[0-9]{1,3}"
            } ]
          },
          "leafType" : "STRING"
        },
        "short-string" : {
          "name" : "short-string",
          "module" : {
            "name" : "Types"
          },
          "nodeType" : "LEAF",
          "typeSchemaNode" : {
            "name" : "short-string",
            "module" : {
              "name" : "Types"
            },
            "nodeType" : "TYPE",
            "leafType" : "STRING",
            "typeValidator" : [ {
              "type" : "LENGTH_VALIDATOR",
              "ranges" : [ {
                "start" : 0,
                "end" : 32
              } ]
            } ]
          },
          "leafType" : "STRING"
        },
        "positive-integer" : {
          "name" : "positive-integer",
          "module" : {
            "name" : "Types"
          },
          "nodeType" : "LEAF",
          "description" : "A positive integer",
          "typeSchemaNode" : {
            "name" : "positive-integer",
            "module" : {
              "name" : "Types"
            },
            "nodeType" : "TYPE",
            "leafType" : "INTEGER",
            "typeValidator" : [ {
              "type" : "RANGE_VALIDATOR",
              "ranges" : [ {
                "start" : 1,
                "end" : 2147483647
              } ]
            } ]
          },
          "leafType" : "INTEGER"
        }
      },
      "id" : {
        "name" : "Types"
      }
    },
    "StringRestrictions" : {
      "prefix" : "mt",
      "typedefs" : {
        "hex-string" : {
          "name" : "hex-string",
          "module" : {
            "name" : "StringRestrictions"
          },
          "nodeType" : "LEAF",
          "typeSchemaNode" : {
            "name" : "short-string",
            "module" : {
              "name" : "Types"
            },
            "nodeType" : "TYPE",
            "leafType" : "STRING",
            "typeValidator" : [ {
              "type" : "LENGTH_VALIDATOR",
              "ranges" : [ {
                "start" : 0,
                "end" : 32
              } ]
            }, {
              "type" : "PATTERN_VALIDATOR",
              "pattern" : "[0-9a-fA-F]*"
            } ]
          },
          "leafType" : "STRING"
        },
        "older-hex-string" : {
          "name" : "older-hex-string",
          "module" : {
            "name" : "StringRestrictions"
          },
          "nodeType" : "LEAF",
          "typeSchemaNode" : {
            "name" : "short-string",
            "module" : {
              "name" : "Types",
              "revision" : "2012-08-01"
            },
            "nodeType" : "TYPE",
            "leafType" : "STRING",
            "typeValidator" : [ {
              "type" : "LENGTH_VALIDATOR",
              "ranges" : [ {
                "start" : 0,
                "end" : 32
              } ]
            }, {
              "type" : "PATTERN_VALIDATOR",
              "pattern" : "[0-9a-fA-F]*"
            } ]
          },
          "leafType" : "STRING"
        }
      },
      "id" : {
        "name" : "StringRestrictions"
      }
    }
  },
  "schemaRoot" : {
    "nodeType" : "CONTAINER",
    "attributes" : {
      "Config" : "true"
    },
    "childNodes" : {
      "string-restriction-test" : {
        "name" : "string-restriction-test",
        "module" : {
          "name" : "StringRestrictions"
        },
        "nodeType" : "CONTAINER",
        "childNodes" : {
          "test-hex-string" : {
            "name" : "test-hex-string",
            "module" : {
              "name" : "StringRestrictions"
            },
            "nodeType" : "LEAF",
            "mandatory" : false,
            "typeSchemaNode" : {
              "name" : "short-string",
              "module" : {
                "name" : "Types",
                "revision" : "2012-08-01"
              },
              "nodeType" : "TYPE",
              "leafType" : "STRING",
              "defaultValueString" : "5678FA",
              "typeValidator" : [ {
                "type" : "LENGTH_VALIDATOR",
                "ranges" : [ {
                  "start" : 2,
                  "end" : 32
                } ]
              }, {
                "type" : "PATTERN_VALIDATOR",
                "pattern" : "[0-9a-fA-F]*"
              } ]
            },
            "defaultValue" : "5678FA",
            "leafType" : "STRING"
          }
        }
      }
    }
  }
}