{
  "modules" : {
    "TypedefResolution" : {
      "prefix" : "mt",
      "typedefs" : {
        "type-1" : {
          "name" : "type-1",
          "module" : {
            "name" : "TypedefResolution"
          },
          "nodeType" : "LEAF",
          "typeSchemaNode" : {
            "name" : "type-2",
            "module" : {
              "name" : "TypedefResolution"
            },
            "nodeType" : "TYPE",
            "leafType" : "ENUMERATION",
            "typeValidator" : [ {
              "type" : "ENUMERATION_VALIDATOR",
              "names" : {
                "value4" : 4,
                "value1" : 1,
                "value2" : 2
              }
            } ]
          },
          "leafType" : "ENUMERATION"
        },
        "type-2" : {
          "name" : "type-2",
          "module" : {
            "name" : "TypedefResolution"
          },
          "nodeType" : "LEAF",
          "typeSchemaNode" : {
            "name" : "type-2",
            "module" : {
              "name" : "TypedefResolution"
            },
            "nodeType" : "TYPE",
            "leafType" : "ENUMERATION",
            "typeValidator" : [ {
              "type" : "ENUMERATION_VALIDATOR",
              "names" : {
                "value4" : 4,
                "value1" : 1,
                "value2" : 2
              }
            } ]
          },
          "leafType" : "ENUMERATION"
        },
        "type-3" : {
          "name" : "type-3",
          "module" : {
            "name" : "TypedefResolution"
          },
          "nodeType" : "LEAF",
          "typeSchemaNode" : {
            "name" : "type-2",
            "module" : {
              "name" : "TypedefResolution"
            },
            "nodeType" : "TYPE",
            "leafType" : "ENUMERATION",
            "typeValidator" : [ {
              "type" : "ENUMERATION_VALIDATOR",
              "names" : {
                "value4" : 4,
                "value1" : 1,
                "value2" : 2
              }
            } ]
          },
          "leafType" : "ENUMERATION"
        }
      },
      "id" : {
        "name" : "TypedefResolution"
      }
    }
  },
  "schemaRoot" : {
    "nodeType" : "CONTAINER",
    "attributes" : {
      "Config" : "true"
    }
  }
}