[ {
  "child331" : "bar"
}, {
  "child331" : "bar"
} ]