[ {
  "external-user" : [ {
    "company-id" : "acme",
    "user-id" : "coyote"
  } ],
  "name" : "foo"
} ]