[ {
  "first-name" : "Steve",
  "id" : "555-66-7777",
  "last-name" : "Abbott"
} ]