[ {
  "first-name" : "Steve",
  "id" : "555-66-7777",
  "last-name" : "Abbott"
}, {
  "first-name" : "Ron",
  "id" : "666-77-8888",
  "last-name" : "Bell"
} ]