{
  "bar|20" : {
    "child1" : "bar",
    "child2" : 20,
    "child3" : "abc",
    "child4" : {
      "child4.1" : 25,
      "child4.2" : "boo"
    }
  },
  "foo|1" : {
    "child3" : "test1"
  }
}