[ {
  "child5.1" : "bar",
  "child5.2" : 200
}, {
  "child5.1" : "foo",
  "child5.2" : 100
} ]