{
  "child1" : 5,
  "child4" : {
    "child4.2" : 100
  }
}