{
  "test" : {
    "policy" : [ {
      "name" : "foo",
      "rule" : [ {
        "description" : "test-description",
        "id" : "foo",
        "sequence" : 100
      } ]
    } ]
  }
}