[ {
  "Foo" : "Bar",
  "Int" : 1234
}, {
  "Foo" : "Bar2",
  "Int" : 5678
} ]