{
  "modules" : {
    "IetfYangTypesTest" : {
      "prefix" : "mt",
      "id" : {
        "name" : "IetfYangTypesTest"
      }
    },
    "ietf-yang-types@2010-09-24" : {
      "prefix" : "yang",
      "typedefs" : {
        "gauge64" : {
          "name" : "gauge64",
          "module" : {
            "name" : "ietf-yang-types",
            "revision" : "2010-09-24"
          },
          "nodeType" : "LEAF",
          "description" : "The gauge64 type represents a non-negative integer, which\nmay increase or decrease, but shall never exceed a maximum\nvalue, nor fall below a minimum value.  The maximum value\ncannot be greater than 2^64-1 (18446744073709551615), and\nthe minimum value cannot be smaller than 0.  The value of\na gauge64 has its maximum value whenever the information\nbeing modeled is greater than or equal to its maximum\nvalue, and has its minimum value whenever the information\nbeing modeled is smaller than or equal to its minimum value.\nIf the information being modeled subsequently decreases\nbelow (increases above) the maximum (minimum) value, the\ngauge64 also decreases (increases).\nIn the value set and its semantics, this type is equivalent\nto the CounterBasedGauge64 SMIv2 textual convention defined\nin RFC 2856",
          "reference" : "RFC 2856: Textual Conventions for Additional High Capacity\nData Types",
          "typeSchemaNode" : {
            "name" : "gauge64",
            "module" : {
              "name" : "ietf-yang-types",
              "revision" : "2010-09-24"
            },
            "nodeType" : "TYPE",
            "leafType" : "INTEGER",
            "typeValidator" : [ {
              "type" : "RANGE_VALIDATOR",
              "ranges" : [ {
                "start" : 0,
                "end" : 9223372036854775807
              } ]
            } ]
          },
          "leafType" : "INTEGER"
        },
        "phys-address" : {
          "name" : "phys-address",
          "module" : {
            "name" : "ietf-yang-types",
            "revision" : "2010-09-24"
          },
          "nodeType" : "LEAF",
          "description" : "Represents media- or physical-level addresses represented\nas a sequence octets, each octet represented by two hexadecimal\nnumbers.  Octets are separated by colons.  The canonical\nrepresentation uses lowercase characters.\nIn the value set and its semantics, this type is equivalent\nto the PhysAddress textual convention of the SMIv2.",
          "reference" : "RFC 2579: Textual Conventions for SMIv2",
          "typeSchemaNode" : {
            "name" : "phys-address",
            "module" : {
              "name" : "ietf-yang-types",
              "revision" : "2010-09-24"
            },
            "nodeType" : "TYPE",
            "leafType" : "STRING",
            "typeValidator" : [ {
              "type" : "LENGTH_VALIDATOR",
              "ranges" : [ {
                "start" : 0,
                "end" : 9223372036854775807
              } ]
            }, {
              "type" : "PATTERN_VALIDATOR",
              "pattern" : "([0-9a-fA-F]{2}(:[0-9a-fA-F]{2})*)?"
            } ]
          },
          "leafType" : "STRING"
        },
        "gauge32" : {
          "name" : "gauge32",
          "module" : {
            "name" : "ietf-yang-types",
            "revision" : "2010-09-24"
          },
          "nodeType" : "LEAF",
          "description" : "The gauge32 type represents a non-negative integer, which\nmay increase or decrease, but shall never exceed a maximum\nvalue, nor fall below a minimum value.  The maximum value\ncannot be greater than 2^32-1 (4294967295 decimal), and\nthe minimum value cannot be smaller than 0.  The value of\na gauge32 has its maximum value whenever the information\nbeing modeled is greater than or equal to its maximum\nvalue, and has its minimum value whenever the information\nbeing modeled is smaller than or equal to its minimum value.\nIf the information being modeled subsequently decreases\nbelow (increases above) the maximum (minimum) value, the\ngauge32 also decreases (increases).\nIn the value set and its semantics, this type is equivalent\nto the Gauge32 type of the SMIv2.",
          "reference" : "RFC 2578: Structure of Management Information Version 2 (SMIv2)",
          "typeSchemaNode" : {
            "name" : "gauge32",
            "module" : {
              "name" : "ietf-yang-types",
              "revision" : "2010-09-24"
            },
            "nodeType" : "TYPE",
            "leafType" : "INTEGER",
            "typeValidator" : [ {
              "type" : "RANGE_VALIDATOR",
              "ranges" : [ {
                "start" : 0,
                "end" : 4294967295
              } ]
            } ]
          },
          "leafType" : "INTEGER"
        },
        "object-identifier" : {
          "name" : "object-identifier",
          "module" : {
            "name" : "ietf-yang-types",
            "revision" : "2010-09-24"
          },
          "nodeType" : "LEAF",
          "description" : "The object-identifier type represents administratively\nassigned names in a registration-hierarchical-name tree.\nValues of this type are denoted as a sequence of numerical\nnon-negative sub-identifier values.  Each sub-identifier\nvalue MUST NOT exceed 2^32-1 (4294967295).  Sub-identifiers\nare separated by single dots and without any intermediate\nwhitespace.\nThe ASN.1 standard restricts the value space of the first\nsub-identifier to 0, 1, or 2.  Furthermore, the value space\nof the second sub-identifier is restricted to the range\n0 to 39 if the first sub-identifier is 0 or 1.  Finally,\nthe ASN.1 standard requires that an object identifier\nhas always at least two sub-identifier.  The pattern\ncaptures these restrictions.\nAlthough the number of sub-identifiers is not limited,\nmodule designers should realize that there may be\nimplementations that stick with the SMIv2 limit of 128\nsub-identifiers.\nThis type is a superset of the SMIv2 OBJECT IDENTIFIER type\nsince it is not restricted to 128 sub-identifiers.  Hence,\nthis type SHOULD NOT be used to represent the SMIv2 OBJECT\nIDENTIFIER type, the object-identifier-128 type SHOULD be\nused instead.",
          "reference" : "ISO9834-1: Information technology -- Open Systems\nInterconnection -- Procedures for the operation of OSI\nRegistration Authorities: General procedures and top\narcs of the ASN.1 Object Identifier tree",
          "typeSchemaNode" : {
            "name" : "object-identifier",
            "module" : {
              "name" : "ietf-yang-types",
              "revision" : "2010-09-24"
            },
            "nodeType" : "TYPE",
            "leafType" : "STRING",
            "typeValidator" : [ {
              "type" : "LENGTH_VALIDATOR",
              "ranges" : [ {
                "start" : 0,
                "end" : 9223372036854775807
              } ]
            }, {
              "type" : "PATTERN_VALIDATOR",
              "pattern" : "(([0-1](\\.[1-3]?[0-9]))|(2\\.(0|([1-9]\\d*))))(\\.(0|([1-9]\\d*)))*"
            } ]
          },
          "leafType" : "STRING"
        },
        "mac-address" : {
          "name" : "mac-address",
          "module" : {
            "name" : "ietf-yang-types",
            "revision" : "2010-09-24"
          },
          "nodeType" : "LEAF",
          "description" : "The mac-address type represents an IEEE 802 MAC address.\nThe canonical representation uses lowercase characters.\nIn the value set and its semantics, this type is equivalent\nto the MacAddress textual convention of the SMIv2.",
          "reference" : "IEEE 802: IEEE Standard for Local and Metropolitan Area\nNetworks: Overview and Architecture\nRFC 2579: Textual Conventions for SMIv2",
          "typeSchemaNode" : {
            "name" : "mac-address",
            "module" : {
              "name" : "ietf-yang-types",
              "revision" : "2010-09-24"
            },
            "nodeType" : "TYPE",
            "leafType" : "STRING",
            "typeValidator" : [ {
              "type" : "LENGTH_VALIDATOR",
              "ranges" : [ {
                "start" : 0,
                "end" : 9223372036854775807
              } ]
            }, {
              "type" : "PATTERN_VALIDATOR",
              "pattern" : "[0-9a-fA-F]{2}(:[0-9a-fA-F]{2}){5}"
            } ]
          },
          "leafType" : "STRING"
        },
        "timeticks" : {
          "name" : "timeticks",
          "module" : {
            "name" : "ietf-yang-types",
            "revision" : "2010-09-24"
          },
          "nodeType" : "LEAF",
          "description" : "The timeticks type represents a non-negative integer that\nrepresents the time, modulo 2^32 (4294967296 decimal), in\nhundredths of a second between two epochs.  When a schema\nnode is defined that uses this type, the description of\nthe schema node identifies both of the reference epochs.\nIn the value set and its semantics, this type is equivalent\nto the TimeTicks type of the SMIv2.",
          "reference" : "RFC 2578: Structure of Management Information Version 2 (SMIv2)",
          "typeSchemaNode" : {
            "name" : "timeticks",
            "module" : {
              "name" : "ietf-yang-types",
              "revision" : "2010-09-24"
            },
            "nodeType" : "TYPE",
            "leafType" : "INTEGER",
            "typeValidator" : [ {
              "type" : "RANGE_VALIDATOR",
              "ranges" : [ {
                "start" : 0,
                "end" : 4294967295
              } ]
            } ]
          },
          "leafType" : "INTEGER"
        },
        "timestamp" : {
          "name" : "timestamp",
          "module" : {
            "name" : "ietf-yang-types",
            "revision" : "2010-09-24"
          },
          "nodeType" : "LEAF",
          "description" : "The timestamp type represents the value of an associated\ntimeticks schema node at which a specific occurrence happened.\nThe specific occurrence must be defined in the description\nof any schema node defined using this type.  When the specific\noccurrence occurred prior to the last time the associated\ntimeticks attribute was zero, then the timestamp value is\nzero.  Note that this requires all timestamp values to be\nreset to zero when the value of the associated timeticks\nattribute reaches 497+ days and wraps around to zero.\nThe associated timeticks schema node must be specified\nin the description of any schema node using this type.\nIn the value set and its semantics, this type is equivalent\nto the TimeStamp textual convention of the SMIv2.",
          "reference" : "RFC 2579: Textual Conventions for SMIv2",
          "typeSchemaNode" : {
            "name" : "timeticks",
            "module" : {
              "name" : "ietf-yang-types",
              "revision" : "2010-09-24"
            },
            "nodeType" : "TYPE",
            "leafType" : "INTEGER",
            "typeValidator" : [ {
              "type" : "RANGE_VALIDATOR",
              "ranges" : [ {
                "start" : 0,
                "end" : 4294967295
              } ]
            } ]
          },
          "leafType" : "INTEGER"
        },
        "counter32" : {
          "name" : "counter32",
          "module" : {
            "name" : "ietf-yang-types",
            "revision" : "2010-09-24"
          },
          "nodeType" : "LEAF",
          "description" : "The counter32 type represents a non-negative integer\nthat monotonically increases until it reaches a\nmaximum value of 2^32-1 (4294967295 decimal), when it\nwraps around and starts increasing again from zero.\nCounters have no defined 'initial' value, and thus, a\nsingle value of a counter has (in general) no information\ncontent.  Discontinuities in the monotonically increasing\nvalue normally occur at re-initialization of the\nmanagement system, and at other times as specified in the\ndescription of a schema node using this type.  If such\nother times can occur, for example, the creation of\na schema node of type counter32 at times other than\nre-initialization, then a corresponding schema node\nshould be defined, with an appropriate type, to indicate\nthe last discontinuity.\nThe counter32 type should not be used for configuration\nschema nodes.  A default statement SHOULD NOT be used in\ncombination with the type counter32.\nIn the value set and its semantics, this type is equivalent\nto the Counter32 type of the SMIv2.",
          "reference" : "RFC 2578: Structure of Management Information Version 2 (SMIv2)",
          "typeSchemaNode" : {
            "name" : "counter32",
            "module" : {
              "name" : "ietf-yang-types",
              "revision" : "2010-09-24"
            },
            "nodeType" : "TYPE",
            "leafType" : "INTEGER",
            "typeValidator" : [ {
              "type" : "RANGE_VALIDATOR",
              "ranges" : [ {
                "start" : 0,
                "end" : 4294967295
              } ]
            } ]
          },
          "leafType" : "INTEGER"
        },
        "zero-based-counter32" : {
          "name" : "zero-based-counter32",
          "module" : {
            "name" : "ietf-yang-types",
            "revision" : "2010-09-24"
          },
          "nodeType" : "LEAF",
          "description" : "The zero-based-counter32 type represents a counter32\nthat has the defined 'initial' value zero.\nA schema node of this type will be set to zero (0) on creation\nand will thereafter increase monotonically until it reaches\na maximum value of 2^32-1 (4294967295 decimal), when it\nwraps around and starts increasing again from zero.\nProvided that an application discovers a new schema node\nof this type within the minimum time to wrap, it can use the\n'initial' value as a delta.  It is important for a management\nstation to be aware of this minimum time and the actual time\nbetween polls, and to discard data if the actual time is too\nlong or there is no defined minimum time.\nIn the value set and its semantics, this type is equivalent\nto the ZeroBasedCounter32 textual convention of the SMIv2.",
          "reference" : "RFC 4502: Remote Network Monitoring Management Information\nBase Version 2",
          "typeSchemaNode" : {
            "name" : "counter32",
            "module" : {
              "name" : "ietf-yang-types",
              "revision" : "2010-09-24"
            },
            "nodeType" : "TYPE",
            "leafType" : "INTEGER",
            "defaultValueString" : "0",
            "typeValidator" : [ {
              "type" : "RANGE_VALIDATOR",
              "ranges" : [ {
                "start" : 0,
                "end" : 4294967295
              } ]
            } ]
          },
          "defaultValue" : 0,
          "leafType" : "INTEGER"
        },
        "zero-based-counter64" : {
          "name" : "zero-based-counter64",
          "module" : {
            "name" : "ietf-yang-types",
            "revision" : "2010-09-24"
          },
          "nodeType" : "LEAF",
          "description" : "The zero-based-counter64 type represents a counter64 that\nhas the defined 'initial' value zero.\nA schema node of this type will be set to zero (0) on creation\nand will thereafter increase monotonically until it reaches\na maximum value of 2^64-1 (18446744073709551615 decimal),\nwhen it wraps around and starts increasing again from zero.\nProvided that an application discovers a new schema node\nof this type within the minimum time to wrap, it can use the\n'initial' value as a delta.  It is important for a management\nstation to be aware of this minimum time and the actual time\nbetween polls, and to discard data if the actual time is too\nlong or there is no defined minimum time.\nIn the value set and its semantics, this type is equivalent\nto the ZeroBasedCounter64 textual convention of the SMIv2.",
          "reference" : "RFC 2856: Textual Conventions for Additional High Capacity\nData Types",
          "typeSchemaNode" : {
            "name" : "counter64",
            "module" : {
              "name" : "ietf-yang-types",
              "revision" : "2010-09-24"
            },
            "nodeType" : "TYPE",
            "leafType" : "INTEGER",
            "defaultValueString" : "0",
            "typeValidator" : [ {
              "type" : "RANGE_VALIDATOR",
              "ranges" : [ {
                "start" : 0,
                "end" : 9223372036854775807
              } ]
            } ]
          },
          "defaultValue" : 0,
          "leafType" : "INTEGER"
        },
        "xpath1.0" : {
          "name" : "xpath1.0",
          "module" : {
            "name" : "ietf-yang-types",
            "revision" : "2010-09-24"
          },
          "nodeType" : "LEAF",
          "description" : "This type represents an XPATH 1.0 expression.\nWhen a schema node is defined that uses this type, the\ndescription of the schema node MUST specify the XPath\ncontext in which the XPath expression is evaluated.",
          "reference" : "XPATH: XML Path Language (XPath) Version 1.0",
          "typeSchemaNode" : {
            "name" : "xpath1.0",
            "module" : {
              "name" : "ietf-yang-types",
              "revision" : "2010-09-24"
            },
            "nodeType" : "TYPE",
            "leafType" : "STRING"
          },
          "leafType" : "STRING"
        },
        "object-identifier-128" : {
          "name" : "object-identifier-128",
          "module" : {
            "name" : "ietf-yang-types",
            "revision" : "2010-09-24"
          },
          "nodeType" : "LEAF",
          "description" : "This type represents object-identifiers restricted to 128\nsub-identifiers.\nIn the value set and its semantics, this type is equivalent\nto the OBJECT IDENTIFIER type of the SMIv2.",
          "reference" : "RFC 2578: Structure of Management Information Version 2 (SMIv2)",
          "typeSchemaNode" : {
            "name" : "object-identifier",
            "module" : {
              "name" : "ietf-yang-types",
              "revision" : "2010-09-24"
            },
            "nodeType" : "TYPE",
            "leafType" : "STRING",
            "typeValidator" : [ {
              "type" : "LENGTH_VALIDATOR",
              "ranges" : [ {
                "start" : 0,
                "end" : 9223372036854775807
              } ]
            }, {
              "type" : "PATTERN_VALIDATOR",
              "pattern" : "(([0-1](\\.[1-3]?[0-9]))|(2\\.(0|([1-9]\\d*))))(\\.(0|([1-9]\\d*)))*"
            }, {
              "type" : "PATTERN_VALIDATOR",
              "pattern" : "\\d*(\\.\\d*){1,127}"
            } ]
          },
          "leafType" : "STRING"
        },
        "date-and-time" : {
          "name" : "date-and-time",
          "module" : {
            "name" : "ietf-yang-types",
            "revision" : "2010-09-24"
          },
          "nodeType" : "LEAF",
          "description" : "The date-and-time type is a profile of the ISO 8601\nstandard for representation of dates and times using the\nGregorian calendar.  The profile is defined by the\ndate-time production in Section 5.6 of RFC 3339.\nThe date-and-time type is compatible with the dateTime XML\nschema type with the following notable exceptions:\n(a) The date-and-time type does not allow negative years.\n(b) The date-and-time time-offset -00:00 indicates an unknown\ntime zone (see RFC 3339) while -00:00 and +00:00 and Z all\nrepresent the same time zone in dateTime.\n(c) The canonical format (see below) of data-and-time values\ndiffers from the canonical format used by the dateTime XML\nschema type, which requires all times to be in UTC using the\ntime-offset 'Z'.\nThis type is not equivalent to the DateAndTime textual\nconvention of the SMIv2 since RFC 3339 uses a different\nseparator between full-date and full-time and provides\nhigher resolution of time-secfrac.\nThe canonical format for date-and-time values with a known time\nzone uses a numeric time zone offset that is calculated using\nthe device's configured known offset to UTC time.  A change of\nthe device's offset to UTC time will cause date-and-time values\nto change accordingly.  Such changes might happen periodically\nin case a server follows automatically daylight saving time\n(DST) time zone offset changes.  The canonical format for\ndate-and-time values with an unknown time zone (usually referring\nto the notion of local time) uses the time-offset -00:00.",
          "reference" : "RFC 3339: Date and Time on the Internet: Timestamps\nRFC 2579: Textual Conventions for SMIv2\nXSD-TYPES: XML Schema Part 2: Datatypes Second Edition",
          "typeSchemaNode" : {
            "name" : "date-and-time",
            "module" : {
              "name" : "ietf-yang-types",
              "revision" : "2010-09-24"
            },
            "nodeType" : "TYPE",
            "leafType" : "STRING",
            "typeValidator" : [ {
              "type" : "LENGTH_VALIDATOR",
              "ranges" : [ {
                "start" : 0,
                "end" : 9223372036854775807
              } ]
            }, {
              "type" : "PATTERN_VALIDATOR",
              "pattern" : "\\d{4}-\\d{2}-\\d{2}T\\d{2}:\\d{2}:\\d{2}(\\.\\d+)?(Z|[\\+\\-]\\d{2}:\\d{2})"
            } ]
          },
          "leafType" : "STRING"
        },
        "counter64" : {
          "name" : "counter64",
          "module" : {
            "name" : "ietf-yang-types",
            "revision" : "2010-09-24"
          },
          "nodeType" : "LEAF",
          "description" : "The counter64 type represents a non-negative integer\nthat monotonically increases until it reaches a\nmaximum value of 2^64-1 (18446744073709551615 decimal),\nwhen it wraps around and starts increasing again from zero.\nCounters have no defined 'initial' value, and thus, a\nsingle value of a counter has (in general) no information\ncontent.  Discontinuities in the monotonically increasing\nvalue normally occur at re-initialization of the\nmanagement system, and at other times as specified in the\ndescription of a schema node using this type.  If such\nother times can occur, for example, the creation of\na schema node of type counter64 at times other than\nre-initialization, then a corresponding schema node\nshould be defined, with an appropriate type, to indicate\nthe last discontinuity.\nThe counter64 type should not be used for configuration\nschema nodes.  A default statement SHOULD NOT be used in\ncombination with the type counter64.\nIn the value set and its semantics, this type is equivalent\nto the Counter64 type of the SMIv2.",
          "reference" : "RFC 2578: Structure of Management Information Version 2 (SMIv2)",
          "typeSchemaNode" : {
            "name" : "counter64",
            "module" : {
              "name" : "ietf-yang-types",
              "revision" : "2010-09-24"
            },
            "nodeType" : "TYPE",
            "leafType" : "INTEGER",
            "typeValidator" : [ {
              "type" : "RANGE_VALIDATOR",
              "ranges" : [ {
                "start" : 0,
                "end" : 9223372036854775807
              } ]
            } ]
          },
          "leafType" : "INTEGER"
        }
      },
      "id" : {
        "name" : "ietf-yang-types",
        "revision" : "2010-09-24"
      }
    }
  },
  "schemaRoot" : {
    "nodeType" : "CONTAINER",
    "attributes" : {
      "Config" : "true"
    },
    "childNodes" : {
      "ietf-yang-types-test" : {
        "name" : "ietf-yang-types-test",
        "module" : {
          "name" : "IetfYangTypesTest"
        },
        "nodeType" : "CONTAINER",
        "childNodes" : {
          "date-time" : {
            "name" : "date-time",
            "module" : {
              "name" : "IetfYangTypesTest"
            },
            "nodeType" : "LEAF",
            "mandatory" : false,
            "typeSchemaNode" : {
              "name" : "date-and-time",
              "module" : {
                "name" : "ietf-yang-types",
                "revision" : "2010-09-24"
              },
              "nodeType" : "TYPE",
              "leafType" : "STRING",
              "typeValidator" : [ {
                "type" : "LENGTH_VALIDATOR",
                "ranges" : [ {
                  "start" : 0,
                  "end" : 9223372036854775807
                } ]
              }, {
                "type" : "PATTERN_VALIDATOR",
                "pattern" : "\\d{4}-\\d{2}-\\d{2}T\\d{2}:\\d{2}:\\d{2}(\\.\\d+)?(Z|[\\+\\-]\\d{2}:\\d{2})"
              } ]
            },
            "leafType" : "STRING"
          },
          "mac" : {
            "name" : "mac",
            "module" : {
              "name" : "IetfYangTypesTest"
            },
            "nodeType" : "LEAF",
            "mandatory" : false,
            "typeSchemaNode" : {
              "name" : "mac-address",
              "module" : {
                "name" : "ietf-yang-types",
                "revision" : "2010-09-24"
              },
              "nodeType" : "TYPE",
              "leafType" : "STRING",
              "typeValidator" : [ {
                "type" : "LENGTH_VALIDATOR",
                "ranges" : [ {
                  "start" : 0,
                  "end" : 9223372036854775807
                } ]
              }, {
                "type" : "PATTERN_VALIDATOR",
                "pattern" : "[0-9a-fA-F]{2}(:[0-9a-fA-F]{2}){5}"
              } ]
            },
            "leafType" : "STRING"
          },
          "timestamp" : {
            "name" : "timestamp",
            "module" : {
              "name" : "IetfYangTypesTest"
            },
            "nodeType" : "LEAF",
            "mandatory" : false,
            "typeSchemaNode" : {
              "name" : "timeticks",
              "module" : {
                "name" : "ietf-yang-types",
                "revision" : "2010-09-24"
              },
              "nodeType" : "TYPE",
              "leafType" : "INTEGER",
              "typeValidator" : [ {
                "type" : "RANGE_VALIDATOR",
                "ranges" : [ {
                  "start" : 0,
                  "end" : 4294967295
                } ]
              } ]
            },
            "leafType" : "INTEGER"
          }
        }
      }
    }
  }
}