[ {
  "interface" : {
    "name" : "eth2",
    "number" : 2
  },
  "switch-dpid" : "00:00:00:00:00:00:00:04"
}, {
  "interface" : {
    "name" : "eth1",
    "number" : 1
  },
  "switch-dpid" : "00:00:00:00:00:00:00:04"
}, {
  "interface" : {
    "name" : "3",
    "number" : 3
  },
  "switch-dpid" : "00:00:00:00:00:00:00:02"
}, {
  "interface" : {
    "name" : "3",
    "number" : 3
  },
  "switch-dpid" : "00:00:00:00:00:00:00:03"
} ]