[ {
  "id" : [ 2, 3, 4, 5 ],
  "port" : 1,
  "switch-dpid" : "00:00:00:00:00:00:00:01"
}, {
  "port" : 3,
  "switch-dpid" : "00:00:00:00:00:00:00:02"
} ]