[ {
  "count" : 100,
  "name" : "abc"
}, {
  "count" : 200,
  "name" : "xyz"
} ]