{
  "test" : {
    "policy" : [ {
      "name" : "foo",
      "priority" : null
    } ]
  }
}