[ {
  "child2" : {
    "child21" : {
      "child211" : "foo"
    }
  }
} ]