{
  "child2" : 222,
  "child4" : {
    "child4.2" : 500
  }
}