{
  "child1" : 10,
  "child3" : null,
  "child4" : {
    "child4.1" : "test"
  }
}