[ {
  "child1" : "foo",
  "child2" : 42,
  "child3" : 111
} ]