[ {
  "child5.1" : "bar"
}, {
  "child5.1" : "foo"
} ]