[ {
  "id" : "ghi",
  "middleList" : [ {
    "id" : "cde",
    "innerList" : [ {
      "id" : "abc"
    } ]
  } ]
} ]